SQL> connect
Enter user-name: hr
Connected.
SQL> create table dhaka(id number(15)primary key, name varchar2(100)not null, mobile char(11), email varchar2(50)unique, income number(11,2)check (income>19999)not null, reg_date date default sysdate, country default 'Bangladesh');
create table dhaka(id number(15)primary key, name varchar2(100)not null, mobile char(11), email varchar2(50)unique, income number(11,2)check (income>19999)not null, reg_date date default sysdate, country default 'Bangladesh')
                                                                                                                                                                                                    *
ERROR at line 1:
ORA-02263: need to specify the datatype for this column 


SQL> create table dhaka(id number(15)primary key, name varchar2(100)not null, mobile varchar2(15), email varchar2(50)unique, income number(11,2)check (income>19999)not null, reg_date date default sysdate, country default 'Bangladesh');
create table dhaka(id number(15)primary key, name varchar2(100)not null, mobile varchar2(15), email varchar2(50)unique, income number(11,2)check (income>19999)not null, reg_date date default sysdate, country default 'Bangladesh')
                                                                                                                                                                                                        *
ERROR at line 1:
ORA-02263: need to specify the datatype for this column 


SQL> create table dhaka(id number(15) primary key, name varchar2(100) not null, mobile varchar2(15), email varchar2(50) unique, income number(11,2) check (income>19999) not null, regi_date date default sysdate, country varchar2 default 'Bangladesh');
create table dhaka(id number(15) primary key, name varchar2(100) not null, mobile varchar2(15), email varchar2(50) unique, income number(11,2) check (income>19999) not null, regi_date date default sysdate, country varchar2 default 'Bangladesh')
                                                                                                                                                                                                                               *
ERROR at line 1:
ORA-00906: missing left parenthesis 


SQL> create table dhaka(id number(15) primary key, name varchar2(100) not null, mobile varchar2(15), email varchar2(50) unique, income number(11,2) check (income>19999) not null, regi_date date default sysdate, country varchar2(50) default ('Bangladesh');
create table dhaka(id number(15) primary key, name varchar2(100) not null, mobile varchar2(15), email varchar2(50) unique, income number(11,2) check (income>19999) not null, regi_date date default sysdate, country varchar2(50) default ('Bangladesh')
                                                                                                                                                                                                                                                        *
ERROR at line 1:
ORA-00907: missing right parenthesis 


SQL> create table dhaka(id number(15) primary key, name varchar2(100) not null, mobile varchar2(15), email varchar2(50) unique, income number(11,2) check (income>19999) not null, regi_date date default sysdate, country varchar2(50) default 'Bangladesh');

Table created.

SQL> desc dhaka;
 Name                                      Null?    Type
 ----------------------------------------- -------- ----------------------------
 ID                                        NOT NULL NUMBER(15)
 NAME                                      NOT NULL VARCHAR2(100)
 MOBILE                                             VARCHAR2(15)
 EMAIL                                              VARCHAR2(50)
 INCOME                                    NOT NULL NUMBER(11,2)
 REGI_DATE                                          DATE
 COUNTRY                                            VARCHAR2(50)

SQL> insert into dhaka(id, name, mobile, email, income) values(1, 'A','+88001680000000', 'a@gmail.com', 25500);

1 row created.

SQL>  insert into dhaka(id, name, mobile, email, income) values(2, 'A','+88001680000000', 'b@gmail.com', 20500);

1 row created.

SQL> ALTER table dhaka read only;

Table altered.

SQL> desc dhaka;
 Name                                      Null?    Type
 ----------------------------------------- -------- ----------------------------
 ID                                        NOT NULL NUMBER(15)
 NAME                                      NOT NULL VARCHAR2(100)
 MOBILE                                             VARCHAR2(15)
 EMAIL                                              VARCHAR2(50)
 INCOME                                    NOT NULL NUMBER(11,2)
 REGI_DATE                                          DATE
 COUNTRY                                            VARCHAR2(50)

SQL> select * from dhaka;

        ID                                                                      
----------                                                                      
NAME                                                                            
--------------------------------------------------------------------------------
MOBILE          EMAIL                                                  INCOME   
--------------- -------------------------------------------------- ----------   
REGI_DATE COUNTRY                                                               
--------- --------------------------------------------------                    
         1                                                                      
A                                                                               
+88001680000000 a@gmail.com                                             25500   
05-DEC-18 Bangladesh                                                            
                                                                                

        ID                                                                      
----------                                                                      
NAME                                                                            
--------------------------------------------------------------------------------
MOBILE          EMAIL                                                  INCOME   
--------------- -------------------------------------------------- ----------   
REGI_DATE COUNTRY                                                               
--------- --------------------------------------------------                    
         2                                                                      
A                                                                               
+88001680000000 b@gmail.com                                             20500   
05-DEC-18 Bangladesh                                                            
                                                                                

SQL>  insert into dhaka(id, name, mobile, email, income) values(3, 'B','+88001680000000', c@gmail.com', 25000);
ERROR:
ORA-01756: quoted string not properly terminated 


SQL>  insert into dhaka(id, name, mobile, email, income) values(3, 'C','+88001680000000', c@gmail.com', 20500);
ERROR:
ORA-01756: quoted string not properly terminated 


SQL> ALTER table dhaka read write;

Table altered.

SQL>  insert into dhaka(id, name, mobile, email, income) values(3, 'C','+88001680000000', c@gmail.com', 20500);
ERROR:
ORA-01756: quoted string not properly terminated 


SQL>  insert into dhaka(id, name, mobile, email, income) values(3, 'C','+88001680000000', 'c@gmail.com', 20500);

1 row created.

SQL> Spool off;
